Using pre-set license
Built from '2022.3/respin/2022.3.62f2-4af31df585-v2' branch; Version is '2022.3.62f3 (96770f904ca7) revision 9860879'; Using compiler version '192829333'; Build Type 'Release'
OS: 'Windows 11  (10.0.26200) 64bit Professional' Language: 'en' Physical Memory: 16310 MB
BatchMode: 1, IsHumanControllingUs: 0, StartBugReporterOnCrash: 0, Is64bit: 1, IsPro: 1

COMMAND LINE ARGUMENTS:
C:\Program Files\Unity\Hub\Editor\2022.3.62f3\Editor\Unity.exe
-adb2
-batchMode
-noUpm
-name
AssetImportWorker6
-projectPath
C:/Users/user/Documents/Unity Projects/Paws
-logFile
Logs/AssetImportWorker6.log
-srvPort
61808
Successfully changed project path to: C:/Users/user/Documents/Unity Projects/Paws
C:/Users/user/Documents/Unity Projects/Paws
[UnityMemory] Configuration Parameters - Can be set up in boot.config
    "memorysetup-bucket-allocator-granularity=16"
    "memorysetup-bucket-allocator-bucket-count=8"
    "memorysetup-bucket-allocator-block-size=33554432"
    "memorysetup-bucket-allocator-block-count=8"
    "memorysetup-main-allocator-block-size=16777216"
    "memorysetup-thread-allocator-block-size=16777216"
    "memorysetup-gfx-main-allocator-block-size=16777216"
    "memorysetup-gfx-thread-allocator-block-size=16777216"
    "memorysetup-cache-allocator-block-size=4194304"
    "memorysetup-typetree-allocator-block-size=2097152"
    "memorysetup-profiler-bucket-allocator-granularity=16"
    "memorysetup-profiler-bucket-allocator-bucket-count=8"
    "memorysetup-profiler-bucket-allocator-block-size=33554432"
    "memorysetup-profiler-bucket-allocator-block-count=8"
    "memorysetup-profiler-allocator-block-size=16777216"
    "memorysetup-profiler-editor-allocator-block-size=1048576"
    "memorysetup-temp-allocator-size-main=16777216"
    "memorysetup-job-temp-allocator-block-size=2097152"
    "memorysetup-job-temp-allocator-block-size-background=1048576"
    "memorysetup-job-temp-allocator-reduction-small-platforms=262144"
    "memorysetup-allocator-temp-initial-block-size-main=262144"
    "memorysetup-allocator-temp-initial-block-size-worker=262144"
    "memorysetup-temp-allocator-size-background-worker=32768"
    "memorysetup-temp-allocator-size-job-worker=262144"
    "memorysetup-temp-allocator-size-preload-manager=33554432"
    "memorysetup-temp-allocator-size-nav-mesh-worker=65536"
    "memorysetup-temp-allocator-size-audio-worker=65536"
    "memorysetup-temp-allocator-size-cloud-worker=32768"
    "memorysetup-temp-allocator-size-gi-baking-worker=262144"
    "memorysetup-temp-allocator-size-gfx=262144"
Player connection [23288]  Target information:

Player connection [23288]  * "[IP] 192.168.100.239 [Port] 0 [Flags] 2 [Guid] 418812418 [EditorId] 418812418 [Version] 1048832 [Id] WindowsEditor(7,potata-prime) [Debug] 1 [PackageName] WindowsEditor [ProjectName] Editor" 

Player connection [23288] Host joined multi-casting on [225.0.0.222:54997]...
Player connection [23288] Host joined alternative multi-casting on [225.0.0.222:34997]...
Input System module state changed to: Initialized.
[PhysX] Initialized MultithreadedTaskDispatcher with 12 workers.
Refreshing native plugins compatible for Editor in 10.17 ms, found 4 plugins.
Preloading 0 native plugins for Editor in 0.00 ms.
Initialize engine version: 2022.3.62f3 (96770f904ca7)
[Subsystems] Discovering subsystems at path C:/Program Files/Unity/Hub/Editor/2022.3.62f3/Editor/Data/Resources/UnitySubsystems
[Subsystems] Discovering subsystems at path C:/Users/user/Documents/Unity Projects/Paws/Assets
GfxDevice: creating device client; threaded=0; jobified=0
Direct3D:
    Version:  Direct3D 11.0 [level 11.1]
    Renderer: NVIDIA GeForce RTX 4060 (ID=0x2882)
    Vendor:   NVIDIA
    VRAM:     7957 MB
    Driver:   32.0.15.7680
Initialize mono
Mono path[0] = 'C:/Program Files/Unity/Hub/Editor/2022.3.62f3/Editor/Data/Managed'
Mono path[1] = 'C:/Program Files/Unity/Hub/Editor/2022.3.62f3/Editor/Data/MonoBleedingEdge/lib/mono/unityjit-win32'
Mono config path = 'C:/Program Files/Unity/Hub/Editor/2022.3.62f3/Editor/Data/MonoBleedingEdge/etc'
Using monoOptions --debugger-agent=transport=dt_socket,embedding=1,server=y,suspend=n,address=127.0.0.1:56408
Begin MonoManager ReloadAssembly
Registering precompiled unity dll's ...
Register platform support module: C:/Program Files/Unity/Hub/Editor/2022.3.62f3/Editor/Data/PlaybackEngines/WindowsStandaloneSupport/UnityEditor.WindowsStandalone.Extensions.dll
Registered in 0.006256 seconds.
- Loaded All Assemblies, in  0.257 seconds
Native extension for WindowsStandalone target not found
Mono: successfully reloaded assembly
- Finished resetting the current domain, in  0.212 seconds
Domain Reload Profiling: 468ms
	BeginReloadAssembly (79ms)
		ExecutionOrderSort (0ms)
		DisableScriptedObjects (0ms)
		BackupInstance (0ms)
		ReleaseScriptingObjects (0ms)
		CreateAndSetChildDomain (1ms)
	RebuildCommonClasses (25ms)
	RebuildNativeTypeToScriptingClass (8ms)
	initialDomainReloadingComplete (45ms)
	LoadAllAssembliesAndSetupDomain (98ms)
		LoadAssemblies (78ms)
		RebuildTransferFunctionScriptingTraits (0ms)
		AnalyzeDomain (96ms)
			TypeCache.Refresh (95ms)
				TypeCache.ScanAssembly (85ms)
			ScanForSourceGeneratedMonoScriptInfo (0ms)
			ResolveRequiredComponents (1ms)
	FinalizeReload (212ms)
		ReleaseScriptCaches (0ms)
		RebuildScriptCaches (0ms)
		SetupLoadedEditorAssemblies (175ms)
			LogAssemblyErrors (0ms)
			InitializePlatformSupportModulesInManaged (8ms)
			SetLoadedEditorAssemblies (6ms)
			RefreshPlugins (0ms)
			BeforeProcessingInitializeOnLoad (2ms)
			ProcessInitializeOnLoadAttributes (121ms)
			ProcessInitializeOnLoadMethodAttributes (38ms)
			AfterProcessingInitializeOnLoad (0ms)
			EditorAssembliesLoaded (0ms)
		ExecutionOrderSort2 (0ms)
		AwakeInstancesAfterBackupRestoration (0ms)
========================================================================
Worker process is ready to serve import requests
Caller must complete domain reload
Begin MonoManager ReloadAssembly
- Loaded All Assemblies, in  0.476 seconds
Native extension for WindowsStandalone target not found
Mono: successfully reloaded assembly
- Finished resetting the current domain, in  0.611 seconds
Domain Reload Profiling: 1086ms
	BeginReloadAssembly (109ms)
		ExecutionOrderSort (0ms)
		DisableScriptedObjects (4ms)
		BackupInstance (0ms)
		ReleaseScriptingObjects (0ms)
		CreateAndSetChildDomain (16ms)
	RebuildCommonClasses (24ms)
	RebuildNativeTypeToScriptingClass (8ms)
	initialDomainReloadingComplete (34ms)
	LoadAllAssembliesAndSetupDomain (300ms)
		LoadAssemblies (217ms)
		RebuildTransferFunctionScriptingTraits (0ms)
		AnalyzeDomain (146ms)
			TypeCache.Refresh (128ms)
				TypeCache.ScanAssembly (119ms)
			ScanForSourceGeneratedMonoScriptInfo (13ms)
			ResolveRequiredComponents (4ms)
	FinalizeReload (611ms)
		ReleaseScriptCaches (0ms)
		RebuildScriptCaches (0ms)
		SetupLoadedEditorAssemblies (503ms)
			LogAssemblyErrors (0ms)
			InitializePlatformSupportModulesInManaged (5ms)
			SetLoadedEditorAssemblies (4ms)
			RefreshPlugins (0ms)
			BeforeProcessingInitializeOnLoad (53ms)
			ProcessInitializeOnLoadAttributes (419ms)
			ProcessInitializeOnLoadMethodAttributes (17ms)
			AfterProcessingInitializeOnLoad (5ms)
			EditorAssembliesLoaded (0ms)
		ExecutionOrderSort2 (0ms)
		AwakeInstancesAfterBackupRestoration (6ms)
Launched and connected shader compiler UnityShaderCompiler.exe after 0.03 seconds
Refreshing native plugins compatible for Editor in 7.00 ms, found 4 plugins.
Preloading 0 native plugins for Editor in 0.00 ms.
Unloading 3942 Unused Serialized files (Serialized files now loaded: 0)
Unloading 24 unused Assets / (56.5 KB). Loaded Objects now: 4412.
Memory consumption went from 138.1 MB to 138.0 MB.
Total: 5.498200 ms (FindLiveObjects: 0.417600 ms CreateObjectMapping: 0.205600 ms MarkObjects: 4.744100 ms  DeleteObjects: 0.130200 ms)

AssetImportParameters requested are different than current active one (requested -> active):
  custom:scripting/monoscript/fileName/PreferenceKeys.cs: 7859eba8df811149af48f0f2276a4bdd -> 
  custom:scripting/monoscript/fileName/AbsFilter.cs: eec45da3078262aefb7938df118ad87a -> 
  custom:scripting/monoscript/fileName/FbxAnimCurveKey.cs: 9fbd8256730f9061582d48eb9944b171 -> 
  custom:scripting/monoscript/fileName/FbxConstraintParent.cs: 567cb2edc39ae3219c9b505daf674f7b -> 
  custom:scripting/monoscript/fileName/SmoothGroupEditor.cs: 8bc2610f365dc4634fc8c31ccc969585 -> 
  custom:scripting/monoscript/fileName/BaseBrushUIGroup.cs: f3d79f09b8f41da79d38531e5168ee2f -> 
  custom:scripting/monoscript/fileName/DTSweep.cs: b489dbbdebbb3b9e956ffbc2a0d88071 -> 
  custom:scripting/monoscript/fileName/MeshValidation.cs: 96702c51dfa78152e589ae8ca081a783 -> 
  custom:scripting/monoscript/fileName/EditorHandleUtility.cs: 0ac2d22f358476e1b744f1f8895e1aba -> 
  custom:scripting/monoscript/fileName/NoneFractalType.cs: 25da773c57ca61106ec7fc86eb6373a7 -> 
  custom:scripting/monoscript/fileName/Filter.cs: 44a41dc767ec5f748893880acf05c662 -> 935824dbebf762a19f2d4c4751625fe2
  custom:scripting/monoscript/fileName/VertexPositionEditor.cs: 46d235253e54e23a363ea17144ac2a77 -> 
  custom:scripting/monoscript/fileName/ConnectElements.cs: b040b3cb3e9da34e655bb3a47bd46193 -> 
  custom:scripting/monoscript/fileName/FractalType.cs: f0a68b0494c41002f9f945e7b71b1216 -> 
  custom:scripting/monoscript/fileName/FbxShape.cs: 2a21f02fd9e62c646acad319734f118d -> 
  custom:scripting/monoscript/fileName/MeshHandle.cs: 4fb552a16b062d468ef698bbde7ead52 -> 
  custom:scripting/monoscript/fileName/Spline.cs: 4e387ee563fd6b588142d262df330d27 -> 
  custom:scripting/monoscript/fileName/EditorToolbarLoader.cs: fdf9b8f64a6e826326906d3119503c10 -> 
  custom:scripting/monoscript/fileName/TerrainToolboxUtilities.cs: a5dc108d5220e4b94b4ed137a0e429e4 -> 
  custom:scripting/monoscript/fileName/ShaderUtil.cs: 8aa3744413fbeaaae190f8c6dee6905f -> 
  custom:scripting/monoscript/fileName/DestroyListener.cs: 6be46e6f4b52a4b0718c2fb44268f9ce -> 
  custom:scripting/monoscript/fileName/MirrorObjects.cs: 352699d4a7651efc5cce5eea885082ac -> 
  custom:scripting/monoscript/fileName/ICustomSettings.cs: 4bc47e9c00373f861b48f19fe8f6ae73 -> 
  custom:scripting/monoscript/fileName/FbxNodeAttribute.cs: ad02766235b43e67881cc4772606f552 -> 
  custom:scripting/monoscript/fileName/SmudgeHeight.cs: 1462c04302f0981db09154b1f7d81802 -> 
  custom:scripting/monoscript/fileName/FbxLayerElementTemplateFbxColor.cs: 67fe6682d5c4e04a833c363e4d758dc1 -> 
  custom:scripting/monoscript/fileName/IHasDefault.cs: 01d6444158df331a838a77d2f5fc6309 -> 
  custom:scripting/monoscript/fileName/TriangulationPoint.cs: 32917afe2890c1499ece497286a4d04a -> 
  custom:scripting/monoscript/fileName/FbxExportTimelineAction.cs: e559b4fb29542e203982b9a404316b7b -> 
  custom:scripting/monoscript/fileName/LoadoutInfo.cs: 660f9f99b06f3cfdf56e6fc4f679894f -> 
  custom:container-demuxer-ogg: 62fdf1f143b41e24485cea50d1cbac27 -> 
  custom:scripting/monoscript/fileName/OpenMaterialEditor.cs: e48180fa4e846a1c9510af46c88df99b -> 
  custom:scripting/monoscript/fileName/UVEditor.cs: bb46d5bac7199bd3c17dd891460f80ff -> 
  custom:scripting/monoscript/fileName/FbxManager.cs: 23552d9ea4b9cd586cf62f846c77ccc9 -> 
  custom:scripting/monoscript/fileName/TriangulationContext.cs: c42f2501129644a7463ca94823659aca -> 
  custom:scripting/monoscript/fileName/StripProBuilderScripts.cs: 8d1118df1b038f5729efd517ae8a88bb -> 
  custom:scripting/monoscript/fileName/NoiseLib.cs: b7278e7e0a44a273dd60f7ead0b281ae -> 
  custom:scripting/monoscript/fileName/ExportObj.cs: c18a1561185a459c7d8d09a4d25283a2 -> 
  custom:scripting/monoscript/fileName/Heightmap.cs: b6d87f35c7d6c551db3a13a7afd2d798 -> 
  custom:scripting/monoscript/fileName/FbxAnimCurveBase.cs: 9fe9d6e0aecd8db0e60172d04d297415 -> 
  custom:scripting/monoscript/fileName/Fbx.cs: 7bfebcc1ae7f4cf3cf082b1383ace187 -> 
  custom:scripting/monoscript/fileName/FbxBlendShapeChannel.cs: 3a215ea3695097f400752aee08963ccf -> 
  custom:scripting/monoscript/fileName/ProBuilderAnalytics.cs: 2cd7a59044f39493e703b05f32b66c91 -> 
  custom:scripting/monoscript/fileName/EditorUtility.cs: 7f5f8fc8fe54686322795cdc77449b58 -> e48e64602babe8d4e820c8a476f3e0cb
  custom:scripting/monoscript/fileName/TerrainFillUtility.cs: bb73b867a8925602f4fa7777c7a52e7a -> 
  custom:scripting/monoscript/fileName/LogEditor.cs: 40340fd10eb0d8176aa6afc39bccbaf4 -> 
  custom:scripting/monoscript/fileName/PositionTool.cs: 2fd18bf8664a011c4421990ba96d6342 -> 
  custom:scripting/monoscript/fileName/Smoothing.cs: 330a1dd6217f1894b6d80984c74f9c02 -> 
  custom:scripting/monoscript/fileName/Debug.cs: 4c2f10687bd0c87c831e6811e627e0e6 -> 
  custom:scripting/monoscript/fileName/MergeElements.cs: c9b3400349305ddcd54accbdabf30f58 -> 
  custom:scripting/monoscript/fileName/IBrushUIGroup.cs: c361cdf51dd0f7ebe4a43835a80dab24 -> 
  custom:scripting/monoscript/fileName/ToolbarGroup.cs: 61877aef40bf12b94f4563196b114281 -> 
  custom:scripting/monoscript/fileName/FbxLayerElementTemplateFbxSurfaceMaterial.cs: e1cbaa144cc286681d8503e6027ad7eb -> 
  custom:scripting/monoscript/fileName/FbxPropertyEDecayType.cs: 52925515d890eaaad1885ac2cab26e28 -> 
  custom:scripting/monoscript/fileName/FbxLayerElementUV.cs: 3768c80af8f548fba07e2c5faa6364cd -> 
  custom:scripting/monoscript/fileName/BrushModeSmooth.cs: 9762aefe2e037dcf4702e36265e35152 -> 
  custom:scripting/monoscript/fileName/PolybrushMeshEditor.cs: a5ec6b3755e05d7130319baf99889a45 -> 
  custom:scripting/monoscript/fileName/DelaunayTriangle.cs: 908235f5d5e291f50089ca6a8bdf4c13 -> 
  custom:scripting/monoscript/fileName/BillowNoise.cs: 42426f7a4645fd7a235799b5cdc32b0b -> 
  custom:scripting/monoscript/fileName/FixedBitArray3.cs: bc9279bedd3a6bc1feb5645d9911ddcf -> 
  custom:scripting/monoscript/fileName/ConcavityFilter.cs: c1dd85d05ea4b694d69b549cc2dca1a3 -> 
  custom:scripting/monoscript/fileName/ConnectEdges.cs: 8f686a7fff4566a6aa5be848bd67c552 -> 
  custom:scripting/monoscript/fileName/GrowSelection.cs: de1d66ff5d47fd9485b62f0576610afb -> 
  custom:scripting/monoscript/fileName/DistributionSliderGUI.cs: cd4735ccbcd1478ef10d1340797ec107 -> 
  custom:scripting/monoscript/fileName/pb_Stl_Exporter.cs: a0bbf115d527a544930104c2dcebd300 -> 
  custom:scripting/monoscript/fileName/PaintTextureTool.cs: e6a804b11f28ca65760cf1d61e47057b -> 
  custom:scripting/monoscript/fileName/BrushModePaint.cs: ad731ab0efa5cd31747f925ba0a64283 -> 
  custom:scripting/monoscript/fileName/FbxConstraintRotation.cs: 3333049bba08581233d423cbcae9458d -> 
  custom:scripting/monoscript/fileName/EntityEditor.cs: a91f91f5e306a57ac3e888e91213305d -> 
  custom:scripting/monoscript/fileName/IntVec3.cs: 2c04041d253e07e499b1153625966a9e -> 
  custom:scripting/monoscript/fileName/DTSweepBasin.cs: 245db94975c479306e3cbdfe84d22fb1 -> 
  custom:video-codec-MediaFoundation-h265: 746d11721c4dcdbdad8f713fa42b33f4 -> 
  custom:scripting/monoscript/fileName/GenerateUV2.cs: 7e9f55032cd43909a50ad3d71fd47174 -> 
  custom:scripting/monoscript/fileName/Transform2D.cs: 99c230faf7d8b1d82d86bcfe0bdd121e -> 
  custom:scripting/monoscript/fileName/FbxIOBase.cs: b7908a419727520f0eb24140c7edaad4 -> 
  custom:scripting/monoscript/fileName/Math.cs: d29cb048762ac684bfa2f1f4430774cb -> 
  custom:scripting/monoscript/fileName/UVEditing.cs: 282cce0694f10e0de5a3bd7509995bd0 -> 
  custom:scripting/monoscript/fileName/PolygonSet.cs: 1d5b94bd81a36884686c2f6dc3640c06 -> 
  custom:scripting/monoscript/fileName/EditorShapeUtility.cs: b01457005654bb980604fba5d004d802 -> 
  custom:scripting/monoscript/fileName/ShapeMenuItems.cs: 5f7ac6f810ef27e38f22b209ac1fc203 -> 
  custom:scripting/monoscript/fileName/TextureRotateTool.cs: c2d0baad66e4308f6143c552f0536843 -> 
  custom:scripting/monoscript/fileName/TextureStitching.cs: 282cce0694f10e0de5a3bd7509995bd0 -> 
  custom:scripting/monoscript/fileName/FileUtility.cs: 04beb84589e064b503995a508183ab3a -> 2d70b80c72be1fb3b2b89ce0939e8cef
  custom:scripting/monoscript/fileName/VoronoiNoise.cs: ee0a21c6257a3f0f119e4e766436da28 -> 
  custom:scripting/monoscript/fileName/FbxSkeleton.cs: 5f421fe218c2cb9ba0356a7a8279fbcd -> 
  custom:scripting/monoscript/fileName/Prism.cs: c53bfe8cdbfb08eaf3dbf8c35a208bd4 -> 
  custom:scripting/monoscript/fileName/ExportStlBinary.cs: 5c64685a83bd5cbedf78a40252f3b12d -> 
  custom:scripting/monoscript/fileName/FillHole.cs: 49c97a483d8d6d36ce8ef90c74d4a79f -> 
  custom:scripting/monoscript/fileName/IBrushTerrainCache.cs: 90369d5d4a044058c0a92f0a57cff9cd -> 
  custom:scripting/monoscript/fileName/FbxLayer.cs: 7f5bb0bfd9e60d05e9ff383d46ec8267 -> 
  custom:scripting/monoscript/fileName/FbxFileTexture.cs: 093fe1d8d33acdb09ab59ebb9b725168 -> 
  custom:video-decoder-ogg-theora: a1e56fd34408186e4bbccfd4996cb3dc -> 
  custom:scripting/monoscript/fileName/ConstrainedPointSet.cs: c9342aea7930c4ca55cd85acb4b82d33 -> 
  custom:scripting/monoscript/fileName/PointOnEdgeException.cs: 9e0012c09b9fee63c09ec06c54fbb87d -> 
  custom:scripting/monoscript/fileName/PostProcessPrefabs.cs: 13d01213489803effa3f907206256e3e -> 
  custom:scripting/monoscript/fileName/SelectMaterial.cs: 9a86428319d18f00e00cf559df42df52 -> 
  custom:scripting/monoscript/fileName/TerrainToolboxVisualization.cs: 51cab2dadf57114a9411397e4253d36c -> 
  custom:scripting/monoscript/fileName/FbxScene.cs: 71ae3ce294fa1135cc2c4e9db34b0d1f -> 
  custom:scripting/monoscript/fileName/MenuItems.cs: 0d42edcc13b27bdfaeac15a126e93734 -> 
  custom:scripting/monoscript/fileName/FbxBindingTableEntry.cs: 605bd69e9b5692d5effddbfc32526f7b -> 
  custom:scripting/monoscript/fileName/SharpenPeaksTool.cs: 4c81589f7e304310b9bf07e39770a962 -> 
  custom:scripting/monoscript/fileName/DTSweepEdgeEvent.cs: 0fd87cf929642b86af7d774c6fbe71c0 -> 
  custom:scripting/monoscript/fileName/ContrastTool.cs: 4c1951307605f0beec328a06a898d6af -> 
  custom:scripting/monoscript/fileName/ProGridsInterface.cs: 495262c8bdcccdf28a7c22cd60c9f4e7 -> 
  custom:scripting/monoscript/fileName/PolybrushSettings.cs: 7a86956bdb6482957dafe063643fbd0f -> 
  custom:scripting/monoscript/fileName/HierarchyListener.cs: df959326ae23895096fc25ce5eee65bb -> 
  custom:scripting/monoscript/fileName/PolybrushMesh.cs: b13535429dd7631295d7f30f10258036 -> 
  custom:scripting/monoscript/fileName/Model.cs: 9856304bdbd2e76ecd815f3a6141f1cd -> 
  custom:scripting/monoscript/fileName/EntityVisibility.cs: 813cb3e764ffc83643f0aca9bfa0af07 -> 
  custom:scripting/monoscript/fileName/ExportAsset.cs: 64ea3c10f23669e99308cf5709607fe7 -> 
  custom:scripting/monoscript/fileName/BrushScatterVariator.cs: 4b7c31aad2fb4696955a4c583080b06a -> 
  custom:scripting/monoscript/fileName/TerrainSettings.cs: b5aea35d6e71e77b46eeffa77017f635 -> 
  custom:scripting/monoscript/fileName/PinchHeight.cs: c73bbe9e2240fabf64b31107b1b23686 -> 
  custom:scripting/monoscript/fileName/ProBuilderBridge.cs: 186617cd7b3fcd59d01fb5d92e4d7d07 -> 
  custom:scripting/monoscript/fileName/HydroErosion.cs: 84af384610ac3cf14ed423f2a226188b -> 
  custom:scripting/monoscript/fileName/EditorGUILayout.cs: af6b60ff05c0a0b5e8b12b58eeee0a3d -> 
  custom:scripting/monoscript/fileName/NoiseWindow.cs: 0d20bf0d60a95f1f4ca7bb9fe67398f3 -> 
  custom:scripting/monoscript/fileName/MaxFilter.cs: b81408d5c0bb352d5436a4eace4516b2 -> 
  custom:scripting/monoscript/fileName/ToggleHandleOrientation.cs: ff423b63e0ebde3f2c92755b6b7ee322 -> 
  custom:scripting/monoscript/fileName/EditorSnapping.cs: df92563ba70f0b4fd00aaa62e5c8ce20 -> 
  custom:framework-win-MediaFoundation: 216162199b28c13a410421893ffa2e32 -> 
  custom:scripting/monoscript/fileName/Normal.cs: 8aabbd74ea5a1bafd9f9f458ee31f0ea -> 
  custom:scripting/monoscript/fileName/FbxPropertyEWrapMode.cs: 27e00afb727c68841210366fd4f5c513 -> 
  custom:scripting/monoscript/fileName/SelectEdgeLoop.cs: 2335c8d843b8886988200cdd4d6db849 -> 
  custom:scripting/monoscript/fileName/FbxBlendShape.cs: a98858c64d72c6e061f0cb0d29151c84 -> 
  custom:scripting/monoscript/fileName/PolyGUILayout.cs: a2d931728dcc1c9d50835161d4589cd6 -> 
  custom:scripting/monoscript/fileName/DefaultBrushModifierKeys.cs: 6c3a5d7cd4a937da22e560786986baaa -> 
  custom:scripting/monoscript/fileName/Handles.cs: f2195f809ec78e95742e559ce449999f -> 
  custom:scripting/monoscript/fileName/PrefabAndSettings.cs: 0a674363a29bc97c29543bf4c51859b9 -> 
  custom:scripting/monoscript/fileName/MeshDebugTool.cs: 37611c9d109cb7f09200abdfa0dae3d7 -> 
  custom:scripting/monoscript/fileName/ThermalEroder.cs: 7e69c1378b1cd9cce2a8340a7e2b8578 -> 
  custom:scripting/monoscript/fileName/SplatSet.cs: 8cd131b8adb46833879b9eb4ec56c4d8 -> 
  custom:scripting/monoscript/fileName/FbxPropertyFlags.cs: 31b311a0ff82ed3ccc169e76c482eff1 -> 
  custom:scripting/monoscript/fileName/BrushTarget.cs: 1cebe5f4fedf7901a801065b3aa48d37 -> 
  custom:scripting/monoscript/fileName/HydraulicEroder.cs: 64e38060f50350f17719a98702355076 -> 
  custom:scripting/monoscript/fileName/InsertEdgeLoop.cs: 79633fa178da92a5c6294668ef444484 -> 
  custom:scripting/monoscript/fileName/FbxTimeSpan.cs: 5d2607b0cda668430aeb31b79ceef216 -> 
  custom:scripting/monoscript/fileName/VertexManipulationToolSettings.cs: c46b46378b08a08e84560f649870b305 -> 
  custom:scripting/monoscript/fileName/ExportModelEditorWindow.cs: cf701718ac83fb293467c7c3e1c28063 -> 
  custom:scripting/monoscript/fileName/IExportData.cs: fe9878291c2fc74de885772c14372b76 -> 
  custom:scripting/monoscript/fileName/PolybrushEditor.cs: bb02f12000caf1a044e160301581e313 -> 
  custom:scripting/monoscript/fileName/Util.cs: 8faf186b4bbf64a176189fb2de23bb5e -> 
  custom:scripting/monoscript/fileName/NoiseShaderGenerator.cs: da5831cc2231959a934e78f759d5ded8 -> 
  custom:scripting/monoscript/fileName/ProGridsIgnoreSnap.cs: a6e9a46f7d1ca1bca90f5934e2b8f31e -> 
  custom:scripting/monoscript/fileName/BrushModeRaiseLower.cs: 278f820d50964cad6079414acbcbd89a -> 
  custom:scripting/monoscript/fileName/SelectFaceLoop.cs: 41e1c4627a230cc32925e760a4ea1602 -> 
  custom:scripting/monoscript/fileName/FbxLayerElementTangent.cs: 2b2abf74c10dcaf3633f4d98533e4487 -> 
  custom:scripting/monoscript/fileName/LicenseEditor.cs: 63763a27e13858a79a8d582236d3aff4 -> 
  custom:scripting/monoscript/fileName/ExportModelSettings.cs: 50088f8dc6633493a2439a5a9c1e7481 -> 
  custom:scripting/monoscript/fileName/SelectPathFaces.cs: 80c6b565b5df1b6163de14f2f5623788 -> 
  custom:scripting/monoscript/fileName/ColorPaletteEditor.cs: b4a36a6140cfa45f721e8c6e642dd0be -> 
  custom:scripting/monoscript/fileName/NegateFilter.cs: 7c13689d916cde667e62e8d68c682c17 -> 
  custom:scripting/monoscript/fileName/ShapeState.cs: 3749e2c667cecc0f702ff706b018e886 -> 
  custom:scripting/monoscript/fileName/FbxSurfacePhong.cs: 813b21c1960d4edd5c5f62353114802e -> 
  custom:scripting/monoscript/fileName/PriorityQueue.cs: 0cdf409b5aa8d4c25876d72b5c6a3b60 -> 
  custom:scripting/monoscript/fileName/MaterialEditor.cs: f530beda68d4162ffebd1ab086eac73e -> 
  custom:scripting/monoscript/fileName/ProBuilderToolManager.cs: b1a465d81a664e6bb35ec8ea83bc4b74 -> 
  custom:scripting/monoscript/fileName/BrushTool.cs: 85d9c1772f81bc51861a29793c33aa6f -> 
  custom:scripting/monoscript/fileName/WindErosionTool.cs: c4fabfff0628525ee3df83e562f7560c -> 
  custom:scripting/monoscript/fileName/ObjExporter.cs: c82ccdbcc64a076a13c2f8aab8afbc5a -> 
  custom:scripting/monoscript/fileName/SlopeFilter.cs: e667eecb9e19a65e593fbc4a499591c2 -> 
  custom:scripting/monoscript/fileName/OpenVertexColorEditor.cs: 30ff560893ac054d11bcf5e0433eccba -> 
  custom:scripting/monoscript/fileName/PackageImporter.cs: 1fe0039e0f1efd9d08d3a2da485c6f93 -> 
  custom:scripting/monoscript/fileName/AttributeLayout.cs: 9b89cd2462186d7967cf59ff7451342c -> 
  custom:scripting/monoscript/fileName/UVRenderOptions.cs: cbafaf027c1745bc7e47ed02d4fc6533 -> 
  custom:scripting/monoscript/fileName/TooltipEditor.cs: 051c4adf0743255fa06a6508fb451a66 -> 
  custom:scripting/monoscript/fileName/SemVer.cs: 7dc1c3d122fbe1b513f4ed067a79851c -> 
  custom:scripting/monoscript/fileName/IBrushRotationController.cs: e23e00c29daa2db4793adaf7bb5003c3 -> 
  custom:scripting/monoscript/fileName/NoiseComponentEditor.cs: a42f479c5eae3b41397b90f2a38d3f4a -> 
  custom:scripting/monoscript/fileName/AttributeLayoutJsonEditor.cs: 8988a927113e14ef60e525a5f398a3d9 -> 
  custom:scripting/monoscript/fileName/IntVec4.cs: 4a457fdc2b6edfff9af20f31f74bc367 -> 
  custom:scripting/monoscript/fileName/FbxSurfaceLambert.cs: 913f4d72375b7f7e78565ef67e10c9da -> 
  custom:scripting/monoscript/fileName/FbxLayerContainer.cs: b8551e2966ce622b87cc1c0d7efe8675 -> 
  custom:scripting/monoscript/fileName/ShapeGenerator.cs: 8279205acb8a1e8bdcbaa5ab6a730a68 -> 
  custom:scripting/monoscript/fileName/InternalUtility.cs: b46a4bbee8883c649a48eca82d9c5113 -> 
  custom:scripting/monoscript/fileName/FbxPrefab.cs: 0d37a0275409adc5d549e4d1fc6d5bf7 -> 
  custom:scripting/monoscript/fileName/ConvertToPrefabEditorWindow.cs: 3236649dc377dd18cad8e7f8b876ec5b -> 
  custom:scripting/monoscript/fileName/FbxLayerElementArrayTemplateFbxSurfaceMaterial.cs: 21e550ba2ba7280355bc56f25c8e734e -> 
  custom:scripting/monoscript/fileName/GradientSerializer.cs: 6b7fa6800afb71dec66666b9d562e855 -> 
  custom:scripting/monoscript/fileName/FbxDocument.cs: 0550a92e67733c3dc5a87f70d596a44e -> 
  custom:scripting/monoscript/fileName/FbxPropertyELightType.cs: 4ac91b0f1a9bbd09fc595f357b2c3c6f -> 
  custom:scripting/monoscript/fileName/MenuAction.cs: 898ec4fe99f46e9006b47eb12b400bce -> 
  custom:scripting/monoscript/fileName/FbxQuaternion.cs: 50f937e4494a3493328884eacd695857 -> 
  custom:scripting/monoscript/fileName/FaceRebuildData.cs: 84b2db0355125c47a227c7fa1701067f -> 
  custom:scripting/monoscript/fileName/PreferenceDictionaryEditor.cs: 774f10560422addd57a825e7dbfea984 -> 
  custom:scripting/monoscript/fileName/PolyShapeTool.cs: 7bc678380b9081ce72ddf75ffd2e71dd -> 
  custom:scripting/monoscript/fileName/FbxAMatrix.cs: ceeb6eba84b583e8ed408cffdde01580 -> 
  custom:scripting/monoscript/fileName/FbxBindingTable.cs: 740dc5c493e5cc9529c43633fb8185b3 -> 
  custom:scripting/monoscript/fileName/Plane.cs: 10495ff9b800b2afa8268aeffb6ada07 -> 
  custom:scripting/monoscript/fileName/MeshSelection.cs: 1023d69f6dc6c80d3619702d1b000c52 -> 
  custom:scripting/monoscript/fileName/BuiltinMaterials.cs: f1801187dcebf42d4c70a9f4b283cc9a -> 
  custom:scripting/monoscript/fileName/AutoUVEditor.cs: a2d70cd5a5b723a42dd96d8849970c6c -> 
  custom:scripting/monoscript/fileName/HandleConstraint2D.cs: 0be005422d79e45e5239b3f12629e4ee -> 
  custom:scripting/monoscript/fileName/FbxStatus.cs: e0f858a177f1c1fb39ef05202160624e -> 
  custom:scripting/monoscript/fileName/IconImporter.cs: 2d62c02cc4cb901de901ddb71ac0c829 -> 
  custom:scripting/monoscript/fileName/PrefUtility.cs: 71ce90803e8fdc60b7b4c0d7ea11d3d2 -> 
  custom:scripting/monoscript/fileName/Experimental.cs: 91e9d2d4ec28f211f51aa6b3c2d6addc -> 
  custom:scripting/monoscript/fileName/ProbuilderScaleTool.cs: 2b819c71d43921e551cd144d387df88b -> 
  custom:scripting/monoscript/fileName/FbxMesh.cs: acc21884ec9f91bbf3a8d1f8e7820800 -> 
  custom:scripting/monoscript/fileName/ElementSelection.cs: c68aacab4736cb88931cbda58954f8b2 -> 
  custom:scripting/monoscript/fileName/BakeAdditionalVertexStreams.cs: 0cd348ed4de98c84c7963da5e66b5b47 -> 
  custom:CustomObjectIndexerAttribute: 9a22284fe3817be447336de3de66b15e -> 
  custom:scripting/monoscript/fileName/ConfigurableWindow.cs: 7bb4fff24b9a669048427ac0ab95d6c4 -> 
  custom:scripting/monoscript/fileName/TextureMoveTool.cs: ce8cacc59824d8cf57a35f09c16f8711 -> 
  custom:scripting/monoscript/fileName/SmartConnect.cs: 8e54477dfa9d32f8770b42f4e609398c -> 
  custom:scripting/monoscript/fileName/StrataFractalType.cs: ded195ca740e1d5403d9cd63e10add13 -> 
  custom:scripting/monoscript/fileName/FilterContext.cs: ed947e57b2f8dfddca5bb2ca357713a8 -> 
  custom:scripting/monoscript/fileName/HeightFilter.cs: 93c471cfcb972607d950b4436271ba09 -> 
  custom:scripting/monoscript/fileName/FlipObjectNormals.cs: 5609faa163c9a11dab9cd43e902b823c -> 
  custom:scripting/monoscript/fileName/Edge.cs: 057c878f971a98ac6fecd89263127db8 -> 
  custom:scripting/monoscript/fileName/Globals.cs: be110017fafd9c73fa3c7cb5418284c9 -> 
  custom:scripting/monoscript/fileName/BezierPoint.cs: 34833cc72fdb3a48f1f4d008cbd59fdb -> 
  custom:scripting/monoscript/fileName/ProBuilderShapeEditor.cs: e9de23e6a3e5ceebe7af47bb766a8898 -> 
  custom:scripting/monoscript/fileName/Projection.cs: ed09dc3fa75f6d964258c142443c8e2f -> 
  custom:scripting/monoscript/fileName/EditorHandleDrawingScopes.cs: fa69dc0aae38f933c4768b1a381f6f16 -> 
  custom:scripting/monoscript/fileName/FbxConstraint.cs: bef035e770af75152f9736986a060ae9 -> 
  custom:scripting/monoscript/fileName/NoiseFilter.cs: 26ebbe64769f7ff707c19b1da586af35 -> 
  custom:scripting/monoscript/fileName/MaterialUtility.cs: 39fc2b5fdbf10826d74b00a710dbbd4b -> 
  custom:scripting/monoscript/fileName/BrushModeMesh.cs: 0d383ad89d94110c67474666931f1f36 -> 
  custom:scripting/monoscript/fileName/VectorMask.cs: f37b197a0f2e7d76768feac2551f97f2 -> 
  custom:scripting/monoscript/fileName/BridgeEdges.cs: 7b3cbd3298c1cacf3fd10a2c13fb2858 -> 
  custom:scripting/monoscript/fileName/TwistHeight.cs: 4d6e84dc15af95271f9879bac25b45a0 -> 
  custom:scripting/monoscript/fileName/ExportPly.cs: 570e49f6204b40b7c2281c056489e701 -> 
  custom:scripting/monoscript/fileName/FbxAxisSystem.cs: 3ba61d9c458d48f1830eeaf919a573ab -> 
  custom:scripting/monoscript/fileName/ToggleDragSelectionMode.cs: 6a922485a12d7e52256776f0adc1d3b0 -> 
  custom:scripting/monoscript/fileName/ExportSettings.cs: 4fe3228d8cec84cbd2fe7ccb66c3e931 -> 
  custom:scripting/monoscript/fileName/NativeMethods.cs: 3feaaf1e162570d34e42584823c3cd96 -> 
  custom:scripting/monoscript/fileName/IBrushEventHandler.cs: 648ef116e9374d8323af7e53add8a21d -> 
  custom:scripting/monoscript/fileName/SmartSubdivide.cs: e83627bb1da7bd1a9a208feb135dee35 -> 
  custom:scripting/monoscript/fileName/EdgeLookup.cs: 1933ab40224290e9191c61e11eab2868 -> 
  custom:scripting/monoscript/fileName/TriangulateFaces.cs: 7d58267eca67ed800671b3fe1771472b -> 
  custom:scripting/monoscript/fileName/HandleUtility.cs: 3a2b940ef1063bb7ed90d70b8e902cf5 -> 
  custom:container-demuxer-webm: 4f35f7cbe854078d1ac9338744f61a02 -> 
  custom:scripting/monoscript/fileName/IPriorityQueue.cs: 90647cc400823b41df847a6cbfc29026 -> 
  custom:scripting/monoscript/fileName/BoundsUtility.cs: 9cfbb798a4ff3aff949740a99108a287 -> 
  custom:scripting/monoscript/fileName/SurfaceTopology.cs: 9526d30cd2f928b0eb81e56b5d034cc7 -> 
  custom:scripting/monoscript/fileName/DrawShapeTool.cs: ac1712ae32bc97f8f4f25c7ab7b85183 -> 
  custom:scripting/monoscript/fileName/BrushModePrefab.cs: 97ff9cf27cf7c218e6eeb4707f634ecd -> 
  custom:scripting/monoscript/fileName/DetachFaces.cs: cf9073f1266f2923b20679a1bde3c8c0 -> 
  custom:scripting/monoscript/fileName/FbxCluster.cs: da8abc8a471c252ab20f37672a71294e -> 
  custom:scripting/monoscript/fileName/MergeObjects.cs: 11f6d640a9d3c77be19a9d5930aa559d -> 
  custom:scripting/monoscript/fileName/ShapeState_DrawBaseShape.cs: e0d5b8da05d52dbfb8f12dcc42366618 -> 
  custom:scripting/monoscript/fileName/Cylinder.cs: c1df0163afb2da9cb82c7acacf1ed730 -> 
  custom:scripting/monoscript/fileName/FbxLayerElementBinormal.cs: 79b92f8d75f3392867b4e08b0bc010bc -> 
  custom:scripting/monoscript/fileName/FbxPropertyEGateFit.cs: d574bcd3d387155bb8ad22d046aba357 -> 
  custom:scripting/monoscript/fileName/FbxLayerElementMaterial.cs: 8c9dc6eccc3eb760e041679d54fb684e -> 
  custom:scripting/monoscript/fileName/BlurFilter.cs: 4bded063ee5a1d630a11ba413c1b48a1 -> 
  custom:scripting/monoscript/fileName/ThermalErosionTool.cs: 5f881ed20a33bb3f8edf03dcbde9dd39 -> 
  custom:scripting/monoscript/fileName/ArrayUtility.cs: 1a4a57b6fbdf126f88c3fded2fdb776b -> 
  custom:scripting/monoscript/fileName/NoiseSettingsAssetEditor.cs: 73af756cb55ed1a080c1e5070b684cf8 -> 
  custom:scripting/monoscript/fileName/BrushModeTexture.cs: beb1027957a0f11b7e4308b7086a5289 -> 
  custom:scripting/monoscript/fileName/ProbuilderRotateTool.cs: 46e8d522aca3344981cffc698ba16ada -> 
  custom:scripting/monoscript/fileName/ProBuilderShape.cs: 3618f60e8d988cd8a0d66f0d060fd11a -> 
  custom:scripting/monoscript/fileName/UnwrapParameters.cs: 644d0ce037708f9b6663416e490c0d59 -> 
  custom:scripting/monoscript/fileName/FbxDocumentInfo.cs: 863cb0899b508f7826edd27548c99530 -> 
  custom:scripting/monoscript/fileName/FbxSkin.cs: 72472130cbf13c197e5a2956817d0bbe -> 
  custom:scripting/monoscript/fileName/FbxConstraintAim.cs: 8042fd5ecfe9611849c3efd3eae14f36 -> 
  custom:scripting/monoscript/fileName/ComplementFilter.cs: 8c6d904118843bd7c3ac329072b1e7bf -> 
  custom:scripting/monoscript/fileName/OverlayRenderer.cs: 0388742b1599d907de14c6da1495e0b9 -> 
  custom:scripting/monoscript/fileName/ITriangulatable.cs: 5f8974429dff74ed7b6ecd00071f21a9 -> 
  custom:scripting/monoscript/fileName/FbxLayerElementArrayTemplateFbxVector4.cs: abba7e9bde8ed41768aeb11419eadebe -> 
  custom:scripting/monoscript/fileName/UnityScenePostProcessor.cs: 3af372e3e8128a470ce2c75685918c73 -> 
  custom:scripting/monoscript/fileName/FbxImporter.cs: c3c30d73aea4c9486679b1cb2c42fcc9 -> 
  custom:scripting/monoscript/fileName/DuplicateFaces.cs: 5ac5a69e6f038f9fa1492c8090a28996 -> 
  custom:scripting/monoscript/fileName/IHasPreferences.cs: a5f85efc1fefea988fce750a73fadae7 -> 
  custom:scripting/monoscript/fileName/SelectionPickerRendererHDRP.cs: e1a12a27c7781421a618a7721df48c68 -> 
  custom:scripting/monoscript/fileName/LayerFilter.cs: e077d2014f1431925e82af8979171080 -> 
  custom:scripting/monoscript/fileName/FbxAnimCurveDef.cs: 740d8ae75b4a6076bf9e3e485b5b77f1 -> 
  custom:scripting/monoscript/fileName/ValueNoise.cs: 5fd3e80ed38b7f3cbaad41b4857480dd -> 
  custom:scripting/monoscript/fileName/DTSweepPointComparator.cs: 797b86f3c76f8674cd07c1b4091aebb1 -> 
  custom:scripting/monoscript/fileName/FixedArray3.cs: 90647cc400823b41df847a6cbfc29026 -> 
  custom:scripting/monoscript/fileName/ProBuilderSnapping.cs: 299be986ce6dd2a383c58b87f56cf5bc -> 
  custom:scripting/monoscript/fileName/FbxAnimCurve.cs: 1c6d4e7669f1bc6ab32b5099f00d5d1f -> 
  custom:scripting/monoscript/fileName/MenuToolToggle.cs: 2abf8abff0704256700f4bae8074325c -> 
  custom:scripting/monoscript/fileName/Cone.cs: 3ac9bedd6ed3a29bf5087d05f2c8a2a9 -> 
  custom:scripting/monoscript/fileName/BrushModeSculpt.cs: edc8d8b85023ef5748d55f9a342b38d1 -> 
  custom:scripting/monoscript/fileName/SelectRing.cs: 6912c38cf645b01b143799d78cd61ef1 -> 
  custom:scripting/monoscript/fileName/EntityUtility.cs: b021dbc0e14e8512304615a12fc46603 -> 
  custom:scripting/monoscript/fileName/SubdivideEdges.cs: ea38859c9b60817b797cd0bc73fe7421 -> 
  custom:scripting/monoscript/fileName/EditorToolbarMenuItems.cs: 46058aaf6133ec8b6c96241a03c62a3a -> 
  custom:scripting/monoscript/fileName/ProbuilderMoveTool.cs: 0bc95615dcf63b5cbaf368eee6b40041 -> 
  custom:scripting/monoscript/fileName/TriangulationDebugContext.cs: 87fbe3212c108a097e48e0b9075b23af -> 
  custom:scripting/monoscript/fileName/CutTool.cs: e6300f07efa58b123cc9c4077043e15d -> 
  custom:scripting/monoscript/fileName/FbxAnimCurveNode.cs: 045cd34a26302a4340887f5c3df9fa56 -> 
  custom:scripting/monoscript/fileName/NoiseFieldView.cs: b7a2dbb01a6982fddace5cd39506bf87 -> 
  custom:scripting/monoscript/fileName/TerrainCreationSettings.cs: 498edb7316432962e83cd369d4324ec0 -> 
  custom:scripting/monoscript/fileName/SplitVertices.cs: 30ce1208e3cd3ede28dd939c947c561b -> 
  custom:scripting/monoscript/fileName/ActionResult.cs: 878c00c54fb54c01804190a9d0655ed4 -> 
  custom:scripting/monoscript/fileName/Polygon.cs: 5ac035759c9f8a76e3cbcd97006ade55 -> 
  custom:scripting/monoscript/fileName/BrushSettings.cs: e0c059dbf8095a9b329bb54ea9bbd088 -> 
  custom:scripting/monoscript/fileName/KdTree.cs: fa1071bf87824d896f817aa60401970b -> 
  custom:scripting/monoscript/fileName/ConvertToPrefabSettings.cs: 51fc9323133a3116f2cf5fdc2eaf37af -> 
  custom:scripting/monoscript/fileName/ExportNoiseWindow.cs: 0f5b6bac20cd34fc9fda83fb4100c836 -> 
  custom:scripting/monoscript/fileName/SceneUtility.cs: 437e63f17d37986a83cc39fdecbc1360 -> 
  custom:scripting/monoscript/fileName/TerrainToolUtility.cs: 244a0f70e48dd3483087b7779dcf1761 -> 
  custom:scripting/monoscript/fileName/FbxNull.cs: 36aaf400046069e6292d17219d1c069c -> 
  custom:scripting/monoscript/fileName/OpenUVEditor.cs: cb3d61ee3cb3d622ab4668fb4c46395b -> 
  custom:scripting/monoscript/fileName/FbxEntryView.cs: dda744d71a7635018a7cc355b067f8de -> 
  custom:scripting/monoscript/fileName/DeleteFaces.cs: 6b563d42d9e83bc675dc19702c968415 -> 
  custom:scripting/monoscript/fileName/ExportNoiseGUI.cs: bdf46c6765465a3b579f10c67c7b8bc9 -> 
  custom:scripting/monoscript/fileName/SetCollider.cs: eae49933455a2c9b95713257135e4d8f -> 
  custom:scripting/monoscript/fileName/PrefabPalette.cs: 020ad89cb8deeb7ff64c8fe341cedae5 -> 
  custom:scripting/monoscript/fileName/BezierShape.cs: b5801eb32f53d6731ef1dbd52394d0d7 -> 
  custom:scripting/monoscript/fileName/Changelog.cs: e4a5e52a389250dd1ed5a9c2a15fa8a1 -> 
  custom:scripting/monoscript/fileName/FbxImplementation.cs: 7b47a353c3978648ba37a31403bb9735 -> 
  custom:scripting/monoscript/fileName/pb_Stl_Importer.cs: d65407d7fe02c27f450e320f523317a6 -> 
  custom:scripting/monoscript/fileName/z_AdditionalVertexStreams.cs: 9fd252dcba4c7c9f6d2907502793e3f5 -> 
  custom:scripting/monoscript/fileName/FbxLayerElementTemplateFbxVector4.cs: 33022fe870edf908b370d76dc35c9c8f -> 
  custom:scripting/monoscript/fileName/AdvancingFrontNode.cs: 03e5d4b9222c4095e8449306398434f5 -> 
  custom:scripting/monoscript/fileName/ProBuilderInterface.cs: f687b6f4d626c6ac55e929eee00e1d6d -> 
  custom:scripting/monoscript/fileName/FbxPropertyEBlendMode.cs: b3f5b36afebc764d62687b9487a92855 -> 
  custom:scripting/monoscript/fileName/ProBuilderize.cs: 006fb89e624c26dbea4b2af78139477c -> 
  custom:scripting/monoscript/fileName/TerrainToolboxSettings.cs: 6c9485898c1d0d4e212a8c7253774f20 -> 
  custom:scripting/monoscript/fileName/CommonEdge.cs: 62a0f10b1b5f789c5f3080b78656547e -> 
  custom:scripting/monoscript/fileName/DeleteElements.cs: 4c13bc6aa328361166e449ea1ebb36f9 -> 
  custom:scripting/monoscript/fileName/Door.cs: 01c9614e23978f328b71d053948f991a -> 
  custom:container-muxer-webm: aa71ff27fc2769a1b78a27578f13a17b -> 
  custom:scripting/monoscript/fileName/PolyMesh.cs: 0a933c4b0e6fac014dea4a50ccafb456 -> 
  custom:scripting/monoscript/fileName/FbxCollection.cs: a7719a3c7d0f9755fa5160248c6f774d -> 
  custom:scripting/monoscript/fileName/TerrainPalette.cs: 442c8043e3a423e9bfc363913f2310bc -> 
  custom:scripting/monoscript/fileName/BrushSpacingVariator.cs: fffe8cd5ea384ad91e99ec1323918e4a -> 
  custom:scripting/monoscript/fileName/VertexManipulationTool.cs: 285f01fa4b22517173c175fb8dc94e60 -> 
  custom:scripting/monoscript/fileName/VertexUtility.cs: 052e4b725d8884d92d676e6d212b34e9 -> 
  custom:scripting/monoscript/fileName/RemapFilter.cs: 239f78308a6dad0764aa10ce8b541586 -> 
  custom:scripting/monoscript/fileName/EditorToolsContexts.cs: 2d17066c287657c5db318975da74e7af -> 
  custom:scripting/monoscript/fileName/CloneBrushTool.cs: 5d261fbce7065a31431e535fdc703077 -> 
  custom:scripting/monoscript/fileName/Version.cs: 2ea90d0bd9a7e2100b7bd9e5a7cff1d5 -> 
  custom:scripting/monoscript/fileName/ObjectPool.cs: 90647cc400823b41df847a6cbfc29026 -> 
  custom:scripting/monoscript/fileName/SubMesh.cs: c705873f5fbdc7fc35376f4b71cd91a3 -> 
  custom:scripting/monoscript/fileName/PowerFilter.cs: 3f83b308f8aa1802eb1e2d6a05319c53 -> 
  custom:video-decoder-webm-vp8: 9c59270c3fd7afecdb556c50c9e8de78 -> 
  custom:scripting/monoscript/fileName/FbxRotationCurve.cs: b3d987039abb603e65dafcc714be9395 -> 
  custom:scripting/monoscript/fileName/ShaderMetaDataUtility.cs: 0f68828362ed09bc31792cb99e3af962 -> 
  custom:scripting/monoscript/fileName/PolyAsset.cs: bbbee96ae71f7894696168a6e787ec75 -> 
  custom:scripting/monoscript/fileName/FbxNurbsCurve.cs: 7351470297bac997ad5edd9cd3f442bd -> 
  custom:scripting/monoscript/fileName/ToggleSelectBackFaces.cs: cd800d355c36b0670ead69c584432936 -> 
  custom:scripting/monoscript/fileName/MultiplyFilter.cs: dd63ab1d299eac3771ba4417ba375f67 -> 
  custom:scripting/monoscript/fileName/MinFilter.cs: 2c244a65e7fa98d1553885f153f1aceb -> 
  custom:scripting/monoscript/fileName/IBrushSmoothController.cs: 6eba50a9110366b69fa8939e6df9659e -> 
  custom:scripting/monoscript/fileName/EditorStyles.cs: d933620442e94f395abad499f0a07844 -> 
  custom:scripting/monoscript/fileName/PrefabLoadoutEditor.cs: 56c8937838f8f6e498a5c031b5c9e8b2 -> 
  custom:scripting/monoscript/fileName/IconUtility.cs: 81e7ae93b6e16efdad5e6106b1358486 -> 
  custom:scripting/monoscript/fileName/FbxPropertyChannelPair.cs: 762d796c1a9204bcde8e30ce0bfeb4d9 -> 
  custom:scripting/monoscript/fileName/FbxGeometry.cs: 48013c33c3d7f63d61eeadad3653c3fa -> 
  custom:scripting/monoscript/fileName/FbxDataType.cs: 8afa2284a1d3520c6c7b056b41c013dd -> 
  custom:scripting/monoscript/fileName/IntVec2.cs: 08f3ad76946da3616135c08e32f0dd9a -> 
  custom:scripting/monoscript/fileName/FbxLayerElementVertexColor.cs: a848de8bf2124bd81bf8bcb7a2d65b0d -> 
  custom:scripting/monoscript/fileName/PointSet.cs: 856b6b7048d351f3361fd73be98c133e -> 
  custom:scripting/monoscript/fileName/GeneratedShaderInfo.cs: e2948832f770475796b32f4675121e14 -> 
  custom:SearchIndexIgnoredProperties: e643bd26f0fe6173181afceb89e7c659 -> 
  custom:scripting/monoscript/fileName/FbxDouble4x4.cs: ae149be842cc8e03152b34b334239b73 -> 
  custom:scripting/monoscript/fileName/SelectionPickerRenderer.cs: ebb4947fce4540eba10b7d1df3164b8c -> 
  custom:scripting/monoscript/fileName/Extrude.cs: 34a5e82da627ee072b8b3873fd02e1ab -> 
  custom:AudioImporter_EditorPlatform: d09bf68614088b80899f8185d706f6e7 -> 
  custom:scripting/monoscript/fileName/PolybrushSettingsProvider.cs: 3c64d14a3715108eee2d8c87a1464b1e -> 
  custom:scripting/monoscript/fileName/ReflectionUtility.cs: bc1f54119a20b567a654dbc9d2a6ed7f -> 
  custom:scripting/monoscript/fileName/AspectFilter.cs: fb0af1ff0282a61b75d780590b69db91 -> 
  custom:scripting/monoscript/fileName/FbxPropertyFloat.cs: c363c4af4c6e907f7bd3c82665343894 -> 
  custom:scripting/monoscript/fileName/EditableObject.cs: d43824d7166c8897567beda97b909355 -> 
  custom:scripting/monoscript/fileName/ComponentIndex.cs: 39b22662a9da5e85c836f667f01f70c7 -> 
  custom:scripting/monoscript/fileName/LightmapUVEditor.cs: 4a5ea877356561228eed906adcd3bedb -> 
  custom:scripting/monoscript/fileName/PreferencesUpdater.cs: 83612b3eb5c9f939088fe8899554f47b -> 
  custom:scripting/monoscript/fileName/FbxLayerElementNormal.cs: 26c5093132973342a1cf62e727ceabf9 -> 
  custom:scripting/monoscript/fileName/PrefabPaletteEditor.cs: 5692ef0c2f7b13184145c5b987dfcc29 -> 
  custom:scripting/monoscript/fileName/FbxIOPluginRegistry.cs: 80f28650270352b658e89584ba53cf78 -> 
  custom:scripting/monoscript/fileName/Arch.cs: b067ac6b52031bd7322d6f3511ad169c -> 
  custom:scripting/monoscript/fileName/FbxConstraintPosition.cs: d2eff2c9ae30cc45f159fb343326a38b -> 
  custom:scripting/monoscript/fileName/FbxEmitter.cs: d089011a2111ed9ba11a9c8860650eb8 -> 
  custom:scripting/monoscript/fileName/ConnectVertices.cs: 8257d8a693dec45e625c35a99914af6f -> 
  custom:scripting/monoscript/fileName/NoiseUtils.cs: faeef5320eb33c91850ada4ff1b45027 -> 
  custom:scripting/monoscript/fileName/FbxMatrix.cs: 2c5d11da739bae5ab7a9e6287e3f635f -> 
  custom:scripting/monoscript/fileName/EntityBehaviour.cs: 7a0182fad58e8b86f5d1052d96507e02 -> 
  custom:scripting/monoscript/fileName/ColorMask.cs: a25e82598c03d90bc54d67eeaeb16981 -> 
  custom:scripting/monoscript/fileName/FbxExporterRepairMissingScripts.cs: 820d40b5e304f02a2207f1df5b1786dd -> 
  custom:scripting/monoscript/fileName/Entity.cs: 46f49b609c478dd10de66061000fec95 -> 
  custom:scripting/monoscript/fileName/ProBuilderEditor.cs: 2dba96b7748ca8a4b559fcb455a58b78 -> 
  custom:scripting/monoscript/fileName/FbxDoubleTemplates.cs: 1f4bbdb65eab2cdcb62f8165d2d82517 -> 
  custom:scripting/monoscript/fileName/MeshTransform.cs: 558feaf5ce4456f3514221266af9489f -> 
  custom:scripting/monoscript/fileName/ExportStlAscii.cs: 9a4dfdfba98097a3c691a44b59f67ad6 -> 
  custom:scripting/monoscript/fileName/SplatWeightEditor.cs: 97d595152c4387609ea4f2515eb6fcb7 -> 
  custom:scripting/monoscript/fileName/CenterPivot.cs: 0540fa0c3bb9c7b452e63f89e313456c -> 
  custom:scripting/monoscript/fileName/OffsetElements.cs: 112aeff604960ea9032670cfb4a87fc1 -> 
  custom:scripting/monoscript/fileName/IBrushRenderWithTerrain.cs: cf6f1366b8d01719796bb34375dff90e -> 
  custom:scripting/monoscript/fileName/AppendElements.cs: 48197571f7c160b8c47e348465caee55 -> 
  custom:scripting/monoscript/fileName/IKdTree.cs: 90647cc400823b41df847a6cbfc29026 -> 
  custom:scripting/monoscript/fileName/CSG.cs: fddebc96510ce08c125abace9d05eafd -> 
  custom:scripting/monoscript/fileName/DetailsScatterTool.cs: e6f6e1739db2e6af452adcd451b1bac2 -> 
  custom:scripting/monoscript/fileName/ProBuilderEditorShortcuts.cs: 2e87be32c8a93b1377e99b0795a6bb9d -> 
  custom:scripting/monoscript/fileName/FbxLayerElementTemplateFbxVector2.cs: d2cb18b2db40df38e585413819958705 -> 
  custom:scripting/monoscript/fileName/TerrainToolsAnalytics.cs: 65cc3f66f269f7f523161150ae21c342 -> 
  custom:scripting/monoscript/fileName/ProBuilderMenuActionAttribute.cs: 3674968d5ee67384faaf101c9d3dcda8 -> 
  custom:scripting/monoscript/fileName/SimpleTuple.cs: 0cdf409b5aa8d4c25876d72b5c6a3b60 -> 
  custom:scripting/monoscript/fileName/SetTrigger.cs: 286b69f4327b4c46524ba1c15eb198ce -> 
  custom:scripting/monoscript/fileName/Vertex.cs: c33a8579f06fb5ec710638da284dce30 -> 
  custom:scripting/monoscript/fileName/Triangle.cs: 38f2dea2cbf63a10d865b3c93a929d93 -> 
  custom:scripting/monoscript/fileName/P2T.cs: 0aa69cc22c33e17e24d809b0c56993bc -> 
  custom:scripting/monoscript/fileName/OpenLightmapUVEditor.cs: 1e75a505fb05c16310e33b72465177ef -> 
  custom:scripting/monoscript/fileName/ErosionUtility.cs: d23fb9b5d906b1cad40cc60e934bb2ac -> 
  custom:scripting/monoscript/fileName/BrushJitterHandler.cs: fb326f0fb299994955e1d208d56f8fa5 -> 
  custom:scripting/monoscript/fileName/Shape.cs: 0c1bd185dc308e7f1b0ad86de0300f5a -> 
  custom:scripting/monoscript/fileName/FbxLayerElementArrayTemplateInt.cs: 6ef48c5951f82f75d16dff92ec083434 -> 
  custom:scripting/monoscript/fileName/SplatWeight.cs: e12e48d501be17a1969934095154e7e6 -> 
  custom:scripting/monoscript/fileName/IBrushSpacingController.cs: 87c16920c3444812b8c039df8e539072 -> 
  custom:scripting/monoscript/fileName/IValid.cs: 27e1a7910f7152539582dd746f0a479a -> 
  custom:scripting/monoscript/fileName/SceneDragAndDropListener.cs: 07a111f362d027d85d45bdb7a902f14e -> 
  custom:scripting/monoscript/fileName/Cube.cs: adf8d58792eaf50687787b68f170b6d6 -> 
  custom:scripting/monoscript/fileName/FbxProperty.cs: 3819dd05a82badd129a7f6e365473927 -> 
  custom:scripting/monoscript/fileName/Eroder.cs: f6882f2a548240ebabdfee90e26d61a0 -> 
  custom:scripting/monoscript/fileName/TerrainToolboxLayer.cs: 754aecac0474dff6a654507c8effe965 -> 
  custom:scripting/monoscript/fileName/Face.cs: a341fcdb31a7309723bdeb224f913433 -> 
  custom:scripting/monoscript/fileName/ProBuilderMeshPreview.cs: 2c7c631c64eeea962429990f92666a51 -> 
  custom:scripting/monoscript/fileName/SelectEdgeRing.cs: a765561d8bccdd9a6baf3be3ef9ae6db -> 
  custom:scripting/monoscript/fileName/Stairs.cs: 172b180c42a148fadf6415c52210a729 -> 
  custom:scripting/monoscript/fileName/FbxSystemUnit.cs: 3295634c7fc9bdf2758f5d5c17ce2c9f -> 
  custom:scripting/monoscript/fileName/FbxTransform.cs: 23a8d5f81f4b3a51c97bab2fcfe349f0 -> 
  custom:scripting/monoscript/fileName/DTSweepConstraint.cs: d620e55901dd883c92623a89c42030d5 -> 
  custom:scripting/monoscript/fileName/PreferencesInternal.cs: bfcfc9829daeeacc6e112df0986f85a6 -> 
  custom:scripting/monoscript/fileName/VersionValidator.cs: bbb65e8a50d52b88a89cdeafda2af2f0 -> 
  custom:scripting/monoscript/fileName/UvAutoManualConversion.cs: 762f54589cdc906e3e1c04a57cf8ef9a -> 
  custom:scripting/monoscript/fileName/SelectVertexColor.cs: 7f0acb641efa7529c84cdbc924192168 -> 
  custom:scripting/monoscript/fileName/PolyEdge.cs: 45320c7be4fae1b068438d4e6bc5b336 -> 
  custom:scripting/monoscript/fileName/FbxPropertyNullELook.cs: b3c41a31e7c05e33d492c05e29faefd0 -> 
  custom:scripting/monoscript/fileName/SelectFaceRing.cs: 3c7218fc27e261315951073ae7a7ef33 -> 
  custom:scripting/monoscript/fileName/SelectHole.cs: 331dc98cef43e5c9a3f6963fcc1bfe76 -> 
  custom:scripting/monoscript/fileName/ConformFaceNormals.cs: 05b09c7c65b09cbd069b7d54a7757b98 -> 
  custom:scripting/monoscript/fileName/FbxBindingTableBase.cs: b215adae3ec7fbfda953323d2a2d2314 -> 
  custom:scripting/monoscript/fileName/ShapeFactory.cs: 0502fb9700fa7e8a16f4ae24254c8fb0 -> 
  custom:scripting/monoscript/fileName/FbxLayerElementArrayTemplateFbxColor.cs: 5152d886d8a25c3888aae80f96bce43d -> 
  custom:scripting/monoscript/fileName/ZoomOverride.cs: 7c310863cacc8aa98eaa83358cc868f4 -> 
  custom:scripting/monoscript/fileName/ComputeUtility.cs: 3377ececa5b8f78274f4b404ca1e56f3 -> 
  custom:scripting/monoscript/fileName/MirrorSettingsEditor.cs: 033e9fb698bac953886bdede9bf9f483 -> 
  custom:scripting/monoscript/fileName/OptimizeHeightRange.cs: 33cd2a6f98a1fc3e3692f3dd5a328559 -> 
  custom:scripting/monoscript/fileName/HlslDescriptions.cs: 2e5c0ec6d81804374463b441c6144b12 -> 
  custom:scripting/monoscript/fileName/FbxIOSettings.cs: 3fd153d39b55fff27e36563685561a58 -> 
  custom:scripting/monoscript/fileName/NearestNeighbourList.cs: 0cdf409b5aa8d4c25876d72b5c6a3b60 -> 
  custom:scripting/monoscript/fileName/PreviewDatabase.cs: edee20e34a1ca90f8a6d44fe594dc7f8 -> 
  custom:scripting/monoscript/fileName/IBrushController.cs: 2c9ed248ab1dc4dc1a8342a91b58bb95 -> 
  custom:scripting/monoscript/fileName/RidgeNoise.cs: ccf89751d2894a59fb771f5c3ce128d2 -> 
  custom:scripting/monoscript/fileName/MenuActionShortcutAttribute.cs: 8ee1e1f0f987fedec31fbb0f30bf1447 -> 
  custom:scripting/monoscript/fileName/MenuOption.cs: ec547da010b1f775387dac0d6dfc2379 -> 
  custom:scripting/monoscript/fileName/Normals.cs: 2fceabbe4457a8c2cd17103527fc3999 -> 
  custom:scripting/monoscript/fileName/FbxMarker.cs: f0c12d9017c19e89cf779f137b396c51 -> 
  custom:scripting/monoscript/fileName/BrushShortcutHandler.cs: 90647cc400823b41df847a6cbfc29026 -> 
  custom:scripting/monoscript/fileName/ExportEmptyFbx.cs: cd15797793c8de7703f841d592f40745 -> 
  custom:scripting/monoscript/fileName/BevelEdges.cs: 900660c27c5ca8704eace46fcb229e08 -> 
  custom:scripting/monoscript/fileName/FbxExporter.cs: 14d203fdccc1574fb517ce4360deed0b -> 
  custom:scripting/monoscript/fileName/PolygonPoint.cs: 5deffe9741b5d71ba54cbaa302167698 -> 
  custom:scripting/monoscript/fileName/ToolboxHelper.cs: dbd204f22d75718cc368defb63c01120 -> 
  custom:scripting/monoscript/fileName/DimensionsEditor.cs: ec4125bca3b24bfc179b302c1fca5bf2 -> 
  custom:scripting/monoscript/fileName/PointGenerator.cs: a1aa7e0803f517e32a9376a405ccf247 -> 
  custom:scripting/monoscript/fileName/SelectionPicker.cs: 0497fef85e2b96a812879276bdcae9cf -> 
  custom:scripting/monoscript/fileName/PaintHeightTool.cs: 3c73e63bf78c395ca6006c67bab6dede -> 
  custom:scripting/monoscript/fileName/HydraulicErosionSettings.cs: ef4c5763f4fa0ad6b8fa4119fe4f1dbd -> 
  custom:scripting/monoscript/fileName/ProBuilderMeshEditor.cs: 409e7369087b8f191734315fac6dc594 -> 
  custom:scripting/monoscript/fileName/ConformObjectNormals.cs: ea6076ebe43da4b8ba6bcf8b94771359 -> 
  custom:scripting/monoscript/fileName/PolyShapeEditor.cs: fe3b7706705ed3c4dd84e573dcfcf6ed -> 
  custom:scripting/monoscript/fileName/FbxPropertyInt.cs: 6df0f2671e699b6498dcabcaa8c11ccd -> 
  custom:scripting/monoscript/fileName/FilterStackEditor.cs: 5cfe9165094bfe24e8679354fbf3353e -> 
  custom:scripting/monoscript/fileName/NoiseComponent.cs: faac9ad071075a736b49e9501682bff0 -> 
  custom:scripting/monoscript/fileName/EditorSceneViewPicker.cs: 13df4fde3106db2f1cf39c7820e34ef1 -> 
  custom:scripting/monoscript/fileName/TerrainGroup.cs: d28e044962126e2fa219bbc37336fe18 -> 
  custom:scripting/monoscript/fileName/BrushMirror.cs: 900f96e57d476b8480556e2883774ffd -> 
  custom:scripting/monoscript/fileName/FbxSubDeformer.cs: f5160f8ddaa4b846839699b92041e395 -> 
  custom:scripting/monoscript/fileName/PerlinNoise.cs: f085172d1d085480f961f1bc9b17d375 -> 
  custom:scripting/monoscript/fileName/IBrushSizeController.cs: a8dfdaac0314a368de1885929b574f29 -> 
  custom:scripting/monoscript/fileName/PolyShape.cs: 68d98358b4f6d4a567396bfd2d8fb6a8 -> 
  custom:scripting/monoscript/fileName/pb_ObjectArray.cs: 23d64ec5390756f20b8935c6d27ae727 -> 
  custom:scripting/monoscript/fileName/Triangulation.cs: 09054241e6b66b6bff40ad35686c73c1 -> 
  custom:scripting/monoscript/fileName/BrushRenderWithTerrainUiGroup.cs: 28abd307e1aeeb8776dc5c8c9af0228b -> 
  custom:scripting/monoscript/fileName/MirrorSettings.cs: 253af48b43d6bcbf1cd0c60207c381e7 -> 
  custom:scripting/monoscript/fileName/EditorMaterialUtility.cs: b048d9073a287734afa3e8a672786fb9 -> 
  custom:scripting/monoscript/fileName/OpenVertexPositionEditor.cs: 8383d3bdff3fd2a102f368cd27c823e5 -> 
  custom:scripting/monoscript/fileName/TerrainToolsShaderImporter.cs: 8ec1f896531cfc761ca14d07d2628d75 -> 
  custom:scripting/monoscript/fileName/WindEroder.cs: e01803fb8046a3bccb677e259da160b8 -> 
  custom:scripting/monoscript/fileName/DefaultBrushUIGroup.cs: 9a4ee807c9986c373bc11882e51d4f13 -> 
  custom:scripting/monoscript/fileName/PolygonGenerator.cs: 2aafe12f9c6b9da7c8245101147d5dd8 -> 
  custom:scripting/monoscript/fileName/SelectLoop.cs: 03ac0ad9679c503b1c8b7fe6c371f29c -> 
  custom:scripting/monoscript/fileName/BezierSplineEditor.cs: 3ad6df2b7420af9029add9cd3b037737 -> 
  custom:scripting/monoscript/fileName/Sphere.cs: fc1a890637c16d42bea0288fac0d32cf -> 
  custom:scripting/monoscript/fileName/VertexPositioning.cs: 72fdeca4b408d9862267b32f667e1074 -> 
  custom:scripting/monoscript/fileName/ColorPalette.cs: b6e5c149eac810eae44b02c730ce4857 -> 079510324a1c49ced22d2a909747c573
  custom:scripting/monoscript/fileName/VectorHash.cs: 73efb1b59aa72f6931fc7c991c4eeae6 -> 
  custom:scripting/monoscript/fileName/FbxSurfaceMaterial.cs: eb900b126346156d69160840468ae69c -> 
  custom:scripting/monoscript/fileName/FbxNode.cs: 19ee172d8b678ec052a7c50adc93089f -> 
  custom:scripting/monoscript/fileName/FbxPropertyDouble.cs: 86532092f8e5ac4165190f00bc6ddac1 -> 
  custom:scripting/monoscript/fileName/FbxLimits.cs: 88b1e072f91c043e0a42a1ace2ad849c -> 
  custom:scripting/monoscript/fileName/FbxPropertyDouble3.cs: 7214a26730fd8b30e98740c4804cff61 -> 
  custom:scripting/monoscript/fileName/FbxPropertyEProjectionType.cs: 1f2afeb1b2c72f62924f8d131875efd5 -> 
  custom:scripting/monoscript/fileName/FlipFaceNormals.cs: b425fafc3a8e4b16ac0ff7feea8fc66b -> 
  custom:scripting/monoscript/fileName/AssetIdRemapEditor.cs: c3f34756c8a6598c4cf15f5e847bf414 -> 
  custom:scripting/monoscript/fileName/TriangulateObject.cs: 552194489d8ee542e612ed9b3681ec44 -> 
  custom:scripting/monoscript/fileName/DoubleMath.cs: d3a713d6df919a256ea9b090c3b84b43 -> 
  custom:scripting/monoscript/fileName/AdvancingFront.cs: ba4e7f8c74fb24a84261ff39b2535119 -> 
  custom:scripting/monoscript/fileName/FbxTexture.cs: f97a3797113512f7d0d907cbda6684fc -> 
  custom:scripting/monoscript/fileName/FbxPose.cs: 88c58779797f89edb2d34cfb8d39c646 -> 
  custom:video-encoder-webm-vp8: eb34c28f22e8b96e1ab97ce403110664 -> 
  custom:scripting/monoscript/fileName/FbxPropertyEInheritType.cs: d98edf98fb0d376c66dfc7407ff7569f -> 
  custom:scripting/monoscript/fileName/RndVec3.cs: 0823606673dce2b8dfd547046891a6c9 -> 
  custom:scripting/monoscript/fileName/WingedEdgeEnumerator.cs: adbd097edcaa08879624b3dbf9fed71f -> 
  custom:scripting/monoscript/fileName/HyperRect.cs: 90647cc400823b41df847a6cbfc29026 -> 
  custom:scripting/monoscript/fileName/ColorUtility.cs: d3a18077d0d39afd62dec292c83f0dfc -> d200961113112fafc99dca6b1317a37b
  custom:scripting/monoscript/fileName/FloatMath.cs: 0fe73a55cac7bdb87b1e039ac908242b -> 
  custom:scripting/monoscript/fileName/UvUnwrapping.cs: 6dc18e949826aea52a2968ed7b10cc47 -> 
  custom:scripting/monoscript/fileName/FbxConstraintScale.cs: bceae67b357d03a6f01e0d2a41c8fe70 -> 
  custom:scripting/monoscript/fileName/RepairActions.cs: c98caac95a1bd550b46a8909c4bd3f4b -> 
  custom:scripting/monoscript/fileName/BrushRenderUIGroupUnderCursor.cs: 1f9c25dc6fe37aa84c0261e472067510 -> 
  custom:scripting/monoscript/fileName/ShrinkSelection.cs: fe8a97f4f165a36f66e0120cfbdfd1a0 -> 
  custom:scripting/monoscript/fileName/WeldVertices.cs: 150ff8957179426a96725d6e78b916cf -> 
  custom:audio-decoder-ogg-vorbis: bf7c407c2cedff20999df2af8eb42d56 -> 
  custom:scripting/monoscript/fileName/pb_Stl.cs: 9b07f4f149309491c5f1435ec678ae63 -> 
  custom:scripting/monoscript/fileName/VertexColorPalette.cs: e5d6bcbfe423cc4ee23c4be5f46b1637 -> 
  custom:scripting/monoscript/fileName/BridgeTool.cs: c627f7a34c31e430863f213b336e3138 -> 
  custom:scripting/monoscript/fileName/MeshHandles.cs: 9078a2010039bebdb66a21ef9e570477 -> 
  custom:scripting/monoscript/fileName/Pipe.cs: 5ab339b2fd460f209f184462230f3149 -> 
  custom:scripting/monoscript/fileName/MeshPreview.cs: ea4f563f2835c56d60266511e2be4910 -> 
  custom:scripting/monoscript/fileName/FbxLayerElement.cs: dab154f20ea89abf2af8fdd1c43afd0e -> 
  custom:scripting/monoscript/fileName/ConvertToNestedPrefab.cs: 442c41c99487f072ce4f79d90127da06 -> 
  custom:scripting/monoscript/fileName/TextureTool.cs: 993795ee2a60353f3a850d19c84178be -> 
  custom:scripting/monoscript/fileName/EditorMeshUtility.cs: 07524f479fd6253ffe9cec9107fd0db3 -> 
  custom:scripting/monoscript/fileName/TerrainGroupInspector.cs: 2b484e51159ff5010975334ffff60ec0 -> 
  custom:scripting/monoscript/fileName/HandleGUI.cs: d5e044de315c4ae729548743aabbcc7c -> 
  custom:scripting/monoscript/fileName/Export.cs: 078559a78b86060d1b211241c5c67779 -> 
  custom:scripting/monoscript/fileName/AddFilter.cs: 871403347470489ae58c5fe0134bced0 -> 
  custom:scripting/monoscript/fileName/BrushRotationVariator.cs: 310fd28aa8d1088e0dcac5fcda274b4b -> 
  custom:scripting/monoscript/fileName/DTSweepContext.cs: 2981771f565ec1526dc5d821e460f88f -> 
  custom:scripting/monoscript/fileName/FilterStack.cs: cbb178e0e5f8c9269c19fe65f4a650fb -> 
  custom:scripting/monoscript/fileName/NoiseFillShaderGenerator.cs: 78dcb01bb90aad146b4765bd2347cd83 -> 
  custom:scripting/monoscript/fileName/PreferenceDictionary.cs: f86da59410ee2da02b27cdab0b14d588 -> 
  custom:scripting/monoscript/fileName/FbxPropertyEntryView.cs: 44e13baac7c841e4a620a4c82f1c75fd -> 
  custom:scripting/monoscript/fileName/NoiseTemplateImporter.cs: b873a1f5be0140b678ef587728f04b55 -> 
  custom:scripting/monoscript/fileName/FbxPropertyEAreaLightShape.cs: 07528d7283f9e29a60acbba21cbbc01e -> 
  custom:scripting/monoscript/fileName/TriggerBehaviour.cs: 9e9b28603c1443f5d61fd91ef7ccbf86 -> 
  custom:scripting/monoscript/fileName/ProBuilderMeshFunction.cs: 90647cc400823b41df847a6cbfc29026 -> 
  custom:scripting/monoscript/fileName/TooltipContent.cs: ebba672cca5b3ad7206f389dac2aaebf -> 
  custom:scripting/monoscript/fileName/FbxGlobalSettings.cs: 5a71ade068c99f9827828d54891eac38 -> 
  custom:scripting/monoscript/fileName/IBrushRenderUnderCursor.cs: 6532e36aa0b5583c5a82fe0dafb29142 -> 
  custom:scripting/monoscript/fileName/CameraVisitor.cs: 48db874b39f8e385ca58be5a45f5fa5a -> 
  custom:scripting/monoscript/fileName/TerrainToolGUIHelper.cs: efaf61c0465611c889a53bb12260cfc2 -> 
  custom:scripting/monoscript/fileName/FbxConnection.cs: c29cd84f9c806c9ea605731e79167951 -> 
  custom:scripting/monoscript/fileName/FbxPropertyString.cs: d0a70ad46a27988a0de613fe0dfe1101 -> 
  custom:scripting/monoscript/fileName/ClampFilter.cs: 28c4a03461ff057ab8b6edef6965bacc -> 
  custom:scripting/monoscript/fileName/EdgeUtility.cs: 1a660714836b36f59bcd2ddafecfe565 -> 
  custom:scripting/monoscript/fileName/SelectionUtility.cs: 92d2eece3ee87ab27a4e71ba6256b756 -> 
  custom:scripting/monoscript/fileName/FbxGeometryBase.cs: b80921b904337d64836aab1315c4d8e6 -> 
  custom:scripting/monoscript/fileName/FbxAnimCurveFilterUnroll.cs: ca0ada5a99f9d147676f2f2da1ce17d5 -> 
  custom:scripting/monoscript/fileName/NoiseSettings.cs: deb34e83d263704954b02d41a650d753 -> 
  custom:scripting/monoscript/fileName/ScriptingSymbolManager.cs: 9f4ebf1856d93cebe044158f23b01e0b -> 
  custom:scripting/monoscript/fileName/TerraceErosion.cs: a4a22fc05e03a7c3a7ce05ce27990b8a -> 
  custom:scripting/monoscript/fileName/BrushMode.cs: 6dea0ddfa2a45d2978dd0b13296d701d -> 
  custom:scripting/monoscript/fileName/Submesh.cs: 51f2a9e71cf380288c6159863c8c6958 -> 
  custom:scripting/monoscript/fileName/SubdivideObject.cs: 15529496d16d945ce564dd73b9f022cf -> 
  custom:scripting/monoscript/fileName/FbxPropertyMarkerELook.cs: 1d1de918f87923247ec760d3faf16ac8 -> 
  custom:scripting/monoscript/fileName/SelectSmoothingGroup.cs: e7adc037d5343729fde59c2f041f72e6 -> 
  custom:scripting/monoscript/fileName/OpenSmoothingEditor.cs: b7bfcfe69a934092c115177d09b130dc -> 
  custom:scripting/monoscript/fileName/SetPivotToSelection.cs: 0a4f1a088a797c04c53d4f4d7ec66668 -> 
  custom:scripting/monoscript/fileName/TerrainToolboxCreateTerrain.cs: 5d67d555e81171944fbb5df645d5241b -> 
  custom:scripting/monoscript/fileName/HierarchyChanged.cs: 84abd15764b10af4cb07f928b3997537 -> 
  custom:scripting/monoscript/fileName/IPaintContextRender.cs: da306055e7e9ad21d0a466c0b994eb49 -> 
  custom:scripting/monoscript/fileName/BaseBrushVariator.cs: 8ef2898efa2bacdf62d241846fa96aa2 -> 
  custom:scripting/monoscript/fileName/NoiseBlitShaderGenerator.cs: a5c81741db49e5e29bc72e29b95058d8 -> 
  custom:scripting/monoscript/fileName/FilterUtility.cs: 36b2ef192f20260958fc9fd18ecad2ec -> 
  custom:scripting/monoscript/fileName/IBrushStrengthController.cs: 3cf42935457403d6d2ec2f8c37b55610 -> 
  custom:scripting/monoscript/fileName/IBrushScatterController.cs: 42b823fdc9f41b6ed5234049695c6deb -> 
  custom:scripting/monoscript/fileName/Bevel.cs: cda4b6394b0873a5b8e8df0dce506d92 -> 
  custom:scripting/monoscript/fileName/FbxExportPresetSelectorReceiver.cs: 933e0be0fa35b1c35e22280b93f58ee2 -> 
  custom:scripting/monoscript/fileName/FbxLight.cs: 5def5fa0c94426100af916b97b3b7028 -> 
  custom:scripting/monoscript/fileName/ShapeState_DrawHeightShape.cs: bf3d191b58aaab9e01024402c1802b6e -> 
  custom:scripting/monoscript/fileName/ProBuilderSettings.cs: 44e160cbb89a8c9e895fdc5e21b659ba -> 
  custom:scripting/monoscript/fileName/IBrushModifierKeyController.cs: 3f44895df2c8b9c413e25173301aa0ed -> 
  custom:scripting/monoscript/fileName/FilterStackView.cs: 5120ca1b3b69babad91c384f7be7a93f -> 
  custom:scripting/monoscript/fileName/EditShapeTool.cs: 5e5caa4d0c9b3b31aa98622a360a986a -> 
  custom:scripting/monoscript/fileName/NoiseSettingsGUI.cs: 3fd552bf1996ce1fdcf5030db72af54e -> 
  custom:scripting/monoscript/fileName/BrushStrengthVariator.cs: 68d041f4e687e8132acaf3c124109e0c -> 
  custom:scripting/monoscript/fileName/EditorHandleDrawing.cs: e4a253013e923fc5e2a42116f3e9cb52 -> 
  custom:scripting/monoscript/fileName/TransformUtility.cs: d73c91a7d4fba2846cb7f791384de39e -> 
  custom:scripting/monoscript/fileName/UnwrapParametersEditor.cs: ad2871f345be52d0cf9added22b9bbb9 -> 
  custom:scripting/monoscript/fileName/FbxAnimLayer.cs: a33542128507b1a9774126b009d92729 -> 
  custom:scripting/monoscript/fileName/SelectionPickerRendererStandard.cs: e1a12a27c7781421a618a7721df48c68 -> 
  custom:scripting/monoscript/fileName/Log.cs: 2f3b85a20367d6d99e3a14c7ae399267 -> 
  custom:scripting/monoscript/fileName/SlopeFlattenTool.cs: c4256c8a98890165f6af21904025483a -> 
  custom:scripting/monoscript/fileName/DTSweepDebugContext.cs: 6ac3331923d1210cbd6f306a6bc3e3c2 -> 
  custom:scripting/monoscript/fileName/FbxEuler.cs: 78ce073ba7cd774c97fd3fec848d1d22 -> 
  custom:scripting/monoscript/fileName/Clipping.cs: 1741f8440a6254efcb95789a09be4e6a -> 5c87c7b6bd30043817e201557e09a654
  custom:scripting/monoscript/fileName/FbxLayerElementArray.cs: f198dec82146e3d89a7d025f49bcd332 -> 
  custom:scripting/monoscript/fileName/SubdivideFaces.cs: 9109bab35f1c932e6b2935ab1452a120 -> 
  custom:scripting/monoscript/fileName/TerrainToolboxWindow.cs: 8e221bd451b65b6533689e552a2b9245 -> 
  custom:scripting/monoscript/fileName/ProBuilderMeshSelection.cs: 90647cc400823b41df847a6cbfc29026 -> 
  custom:scripting/monoscript/fileName/FbxTime.cs: 7ff870fb104aeff8c3e2fd6db612200f -> 
  custom:scripting/monoscript/fileName/MeshChannel.cs: 8b5a7a71b6cca63206947900a773d2c7 -> 
  custom:scripting/monoscript/fileName/ContextClickManipulator.cs: 551ac0135cff9eba4bc63f242fd17841 -> 
  custom:scripting/monoscript/fileName/FbxAnimStack.cs: cd827408506b52689ab211c452254bdf -> 
  custom:scripting/monoscript/fileName/FbxObject.cs: 22901937c83410c82a079ff7fceb58dc -> 
  custom:scripting/monoscript/fileName/NewPolyShapeToggle.cs: 8acdd5cdcb7ee88e0e50b5931573fb4b -> 
  custom:scripting/monoscript/fileName/FlipFaceEdge.cs: f530ea0a74860a23981eb940ef68b251 -> 
  custom:scripting/monoscript/fileName/SmoothHeightTool.cs: f03633799f5b4a4c69fb3bb2f50728d0 -> 
  custom:scripting/monoscript/fileName/FreezeTransform.cs: e675172267d870c70773e18ea0e1e250 -> 
  custom:scripting/monoscript/fileName/ExtrudeElements.cs: 4c7ec400f4d4c6eaeb8b42dd1d2a747d -> 
  custom:scripting/monoscript/fileName/FbxLayerElementArrayTemplateFbxVector2.cs: 5c3a6f20f8c80779ca7828c92f33194b -> 
  custom:scripting/monoscript/fileName/FbxSharpProgressCallback.cs: 8eff72a266de0b6f575a84b2ebe1f086 -> 
  custom:scripting/monoscript/fileName/Bounds2D.cs: 16ca90bc5c32dbbd92a84501f2c2743d -> 
  custom:scripting/monoscript/fileName/ExtrudeFaces.cs: 8da1d7548a755d4f7bfa6a3ad702beef -> 
  custom:scripting/monoscript/fileName/TriangulationUtil.cs: f18a7fb009b05f02616bafd07fbae553 -> 
  custom:scripting/monoscript/fileName/AssetTreeView.cs: f69e053f44c2ceb1d31b6346bdecf246 -> 
  custom:scripting/monoscript/fileName/FbxIOFileHeaderInfo.cs: 2f533e3b2e35800afb9637e46763a4d2 -> 
  custom:scripting/monoscript/fileName/NoiseSettingsFactory.cs: 2d016f87712a0e77014e1475960569e9 -> 
  custom:scripting/monoscript/fileName/PlyExporter.cs: bf5494e3645f49425628ca78199ab31d -> 
  custom:scripting/monoscript/fileName/SelectionPickerSettings.cs: 2d19355ddaebe622fb966ebf4e2a7407 -> 
  custom:audio-encoder-webm-vorbis: bf7c407c2cedff20999df2af8eb42d56 -> 
  custom:scripting/monoscript/fileName/TriangulationConstraint.cs: 02158ed4aeb2e0540be606ebedcd9aa5 -> 
  custom:scripting/monoscript/fileName/DefaultBrushSmoother.cs: 8a4663b0bdf452a7ec0231edf7c7e564 -> 
  custom:scripting/monoscript/fileName/FbxPropertyBool.cs: b6e61da9a36971e93e14e86c261e72ce -> 
  custom:scripting/monoscript/fileName/FbxDeformer.cs: eaf4846ef3982ac5d1a664b2ad250993 -> 
  custom:scripting/monoscript/fileName/InstallIntegration.cs: d9c189ac718e03ccb133c538d8fe3ebc -> 
  custom:scripting/monoscript/fileName/MeshUtility.cs: 5ca3f663a0ea6397d499c955e50b029b -> 
  custom:scripting/monoscript/fileName/StampTool.cs: 4bb33afd9ae3a38d700c95b1909986a8 -> 
  custom:scripting/monoscript/fileName/CutToolToggle.cs: 552b76f8f489d420018d2bc016dee384 -> 
  custom:scripting/monoscript/fileName/AssetId.cs: 72051ac5858b603f67e79ad23943c39b -> 
  custom:scripting/monoscript/fileName/NoiseHeightTool.cs: 5c2327f039c1dd37f0d88a0f397af28a -> 
  custom:scripting/monoscript/fileName/Lightmapping.cs: 729d5176389c7d55a1cea260e00908f3 -> 
  custom:scripting/monoscript/fileName/SharedVertex.cs: 9680b52997af34358e173ceeda08f072 -> 
  custom:scripting/monoscript/fileName/RaycastHit.cs: 515368b8ed95066c744e7801d9ebd7e9 -> 
  custom:scripting/monoscript/fileName/ToggleDragRectMode.cs: a6f38316b8f4d3d28669b3b66d64c405 -> 
  custom:scripting/monoscript/fileName/TerrainVisualizationSettings.cs: eb730232c61bbd31248f9ce9aa6395aa -> 
  custom:scripting/monoscript/fileName/ShapeState_InitShape.cs: ecc7de96dd0c9d79cb24f533500a9905 -> 
  custom:scripting/monoscript/fileName/CustomExtensions.cs: 4dd2d579b175e1cfed48fcf67b4a834f -> 
  custom:scripting/monoscript/fileName/MaterialPalette.cs: 6eec2d59c4da6a8a8bfa6297b1bcc8a2 -> 
  custom:scripting/monoscript/fileName/SetHeightTool.cs: 1ff938e56b1c0debf733c201d4541dba -> 
  custom:scripting/monoscript/fileName/UndoUtility.cs: 2fc130e3e3964660deff56d5ee0e948d -> de700a4259ac5606935520f528f0f92a
  custom:scripting/monoscript/fileName/NoiseType.cs: 090ca925c5e6cdbca132221545b83756 -> 
  custom:scripting/monoscript/fileName/FbxCamera.cs: ff6f9ac7210e395dab3784e2d0c7fb91 -> 
  custom:scripting/monoscript/fileName/SamplesLinkPackageManagerExtension.cs: 2211f84bf4e5014a6b1f498601323f40 -> 
  custom:scripting/monoscript/fileName/TextureScaleTool.cs: ada73f928df57eed2635e39d4b904480 -> 
  custom:scripting/monoscript/fileName/FbmFractalType.cs: 144f74c3608bf08706204d0849400e88 -> 
  custom:scripting/monoscript/fileName/PolyGUI.cs: c026b72096e81d3cc96e377b60eece5f -> 
  custom:scripting/monoscript/fileName/WingedEdge.cs: 4d875b987a0abf3c39f7fbca07295966 -> 
  custom:scripting/monoscript/fileName/NoiseEditorView.cs: e3a1c14dfa4323b65bc284ee321d8c59 -> 
  custom:scripting/monoscript/fileName/Pref.cs: 8f6297df34271fdb1ce2d9607ec6261d -> 
  custom:scripting/monoscript/fileName/TypeMath.cs: 90647cc400823b41df847a6cbfc29026 -> 
  custom:scripting/monoscript/fileName/ExtrudeEdges.cs: ddb56ecccd06d064cce30e8ec94c3a24 -> 
  custom:scripting/monoscript/fileName/BrushSizeVariator.cs: 74c935e09f8a9b9c52c39f89647c6f39 -> 
  custom:scripting/monoscript/fileName/Torus.cs: 80ba092579159f0ee10eed09283f5118 -> 
  custom:scripting/monoscript/fileName/MainToolbar.cs: 162e661b90bc0601e328b0d9c9a85d04 -> 
  custom:scripting/monoscript/fileName/NewShapeToggle.cs: 5f15e27392c39392c01d85b37192a28d -> 
  custom:scripting/monoscript/fileName/EditorGUIUtility.cs: b16f813dafa270a7bea1e0294dc674e0 -> 597c98dd58b27da4c0bfae4ba244c9cd
  custom:scripting/monoscript/fileName/RTHandleCollection.cs: 66dbbdfa83cc1e0dae8832345c177e15 -> 
  custom:scripting/monoscript/fileName/QuadUtility.cs: f80c36f8b1183a738f2c4f7fa2ab27d9 -> 
  custom:scripting/monoscript/fileName/KdTreeNode.cs: 90647cc400823b41df847a6cbfc29026 -> 
  custom:scripting/monoscript/fileName/InternalMeshUtility.cs: 47e64566b64f31667f3ecd22aea855bd -> 
  custom:scripting/monoscript/fileName/ITypeMath.cs: 90647cc400823b41df847a6cbfc29026 -> 
  custom:scripting/monoscript/fileName/ToggleXRay.cs: 2beaa89293af925965c361a628716eab -> 
  custom:scripting/monoscript/fileName/Subdivision.cs: 2d3ed2728b5e862f0b20dccff60f596a -> 
  custom:scripting/monoscript/fileName/ColliderBehaviour.cs: facc1ae2f42419fa1146003334c8bf66 -> 
  custom:scripting/monoscript/fileName/Node.cs: 291859575cb9c6e25dde80dbcd31fe5f -> 
  custom:scripting/monoscript/fileName/MergeFaces.cs: f0a7123f95ff8b6d8a9b42653a9c0700 -> 
  custom:scripting/monoscript/fileName/Direction.cs: b401a571035111dc122d6238c4a25a65 -> 
  custom:scripting/monoscript/fileName/CombineMeshes.cs: a9ce7a0bc7639b0c1010471275dc600c -> 
  custom:scripting/monoscript/fileName/VertexEditing.cs: cb46c69b687fb75b59e3367415afaff1 -> 
  custom:scripting/monoscript/fileName/AutoUnwrapSettings.cs: 505c9e8ec7abeb42e5de8a57e4ff3803 -> 
  custom:scripting/monoscript/fileName/FbxSemanticEntryView.cs: cfd002bcde442a3b5e643bb8a652b3f6 -> 
  custom:scripting/monoscript/fileName/TerrainDetailUtilities.cs: 5449f2c350275fe5d845a715b36197e4 -> 
  custom:scripting/monoscript/fileName/MeshImporter.cs: bf784b146e3ce8404151198f5cf6434d -> 
  custom:scripting/monoscript/fileName/MeshAndElementSelection.cs: a24a0934fd2aa12cf7e44f99f89ac69e -> 
  custom:scripting/monoscript/fileName/Sprite.cs: feaf383831c6d8dc30fd1ee62a194252 -> 
  custom:scripting/monoscript/fileName/NewBezierShape.cs: 2b4083186ccd0d651beb42f17f850f7e -> 
  custom:scripting/monoscript/fileName/ProBuilderSettingsProvider.cs: 31c7f11630ae278eb11b8b1b3b44c0ad -> 
  custom:scripting/monoscript/fileName/BrushSettingsEditor.cs: 07ca9b157eb5df9a12de3204940168e5 -> 
  custom:scripting/monoscript/fileName/CollapseVertices.cs: b8f4877fb9cdb02e00dd9b33b403fa7c -> 
  custom:scripting/monoscript/fileName/PaintHolesTool.cs: 344f5d2ec19bc7b41f8eab6be5ce9cbf -> 
